
> frontend@0.1.0 build
> next build

node.exe : [baseline-browser-mapping] The data in this 
module is over two months old.  To ensure accurate 
Baseline data, please update: `npm i 
baseline-browser-mapping@latest -D`
At C:\Program Files\nodejs\npm.ps1:29 char:3
+   & $NODE_EXE $NPM_CLI_JS $args
+   ~~~~~~~~~~~~~~~~~~~~~~~~~~~~~
    + CategoryInfo          : NotSpecified: ([baseline-b 
   rows...ping@latest -D`:String) [], RemoteException
    + FullyQualifiedErrorId : NativeCommandError
 
   Γû▓ Next.js 16.0.7 (Turbopack)
   - Environments: .env

 ΓÜá The "middleware" file convention is deprecated. 
Please use "proxy" instead. Learn more: 
https://nextjs.org/docs/messages/middleware-to-proxy
   Creating an optimized production build ...
[baseline-browser-mapping] The data in this module is 
over two months old.  To ensure accurate Baseline data, 
please update: `npm i baseline-browser-mapping@latest -D`

> Build error occurred
Error: Turbopack build failed with 2 errors:
./src/app/(workspace)/pay-register/page.tsx:1040:9
Ecmascript file had an error
[0m [90m 1038 |[39m   }[33m;[39m
 [90m 1039 |[39m
[31m[1m>[22m[39m[90m 1040 |[39m   [36mconst[39m 
handleArrearsSelected [33m=[39m (arrears[33m:[39m 
[33mArray[39m[33m<[39m{ id[33m:[39m 
string[33m,[39m amount[33m:[39m number[33m,[39m 
employeeId[33m?[39m[33m:[39m string }[33m>[39m) 
[33m=>[39m {
 [90m      |[39m         [31m[1m^[22m[39m[31m[1m^
[22m[39m[31m[1m^[22m[39m[31m[1m^[22m[39m[31m[
1m^[22m[39m[31m[1m^[22m[39m[31m[1m^[22m[39m[31
m[1m^[22m[39m[31m[1m^[22m[39m[31m[1m^[22m[39m
[31m[1m^[22m[39m[31m[1m^[22m[39m[31m[1m^[22m[3
9m[31m[1m^[22m[39m[31m[1m^[22m[39m[31m[1m^[22m
[39m[31m[1m^[22m[39m[31m[1m^[22m[39m[31m[1m^[
22m[39m[31m[1m^[22m[39m[31m[1m^[22m[39m
 [90m 1041 |[39m     
setSelectedArrears(arrears)[33m;[39m
 [90m 1042 |[39m   }[33m;[39m
 [90m 1043 |[39m[0m

the name `handleArrearsSelected` is defined multiple 
times

Import traces:
  Client Component Browser:
    ./src/app/(workspace)/pay-register/page.tsx [Client 
Component Browser]
    ./src/app/(workspace)/pay-register/page.tsx [Server 
Component]

  Client Component SSR:
    ./src/app/(workspace)/pay-register/page.tsx [Client 
Component SSR]
    ./src/app/(workspace)/pay-register/page.tsx [Server 
Component]


./src/app/(workspace)/pay-register/page.tsx:968:9
Ecmascript file had an error
[0m [90m 966 |[39m   }[33m;[39m
 [90m 967 |[39m
[31m[1m>[22m[39m[90m 968 |[39m   [36mconst[39m 
handleCalculatePayrollForAll [33m=[39m [36masync[39m 
() [33m=>[39m {
 [90m     |[39m         [31m[1m^[22m[39m[31m[1m^
[22m[39m[31m[1m^[22m[39m[31m[1m^[22m[39m[31m[1
m^[22m[39m[31m[1m^[22m[39m[31m[1m^[22m[39m[31m
[1m^[22m[39m[31m[1m^[22m[39m[31m[1m^[22m[39m[
31m[1m^[22m[39m[31m[1m^[22m[39m[31m[1m^[22m[39
m[31m[1m^[22m[39m[31m[1m^[22m[39m[31m[1m^[22m
[39m[31m[1m^[22m[39m[31m[1m^[22m[39m[31m[1m^[2
2m[39m[31m[1m^[22m[39m[31m[1m^[22m[39m[31m[1m^
[22m[39m[31m[1m^[22m[39m[31m[1m^[22m[39m[31m[
1m^[22m[39m[31m[1m^[22m[39m[31m[1m^[22m[39m[31
m[1m^[22m[39m
 [90m 969 |[39m     [36mif[39m 
([33m![39mpayRegisters [33m||[39m 
payRegisters[33m.[39mlength [33m===[39m [35m0[39m) 
{
 [90m 970 |[39m       toast[33m.[39minfo([32m'No 
employees to calculate payroll for.'[39m)[33m;[39m
 [90m 971 |[39m       [36mreturn[39m[33m;[39m[0m

the name `handleCalculatePayrollForAll` is defined 
multiple times

Import traces:
  Client Component Browser:
    ./src/app/(workspace)/pay-register/page.tsx [Client 
Component Browser]
    ./src/app/(workspace)/pay-register/page.tsx [Server 
Component]

  Client Component SSR:
    ./src/app/(workspace)/pay-register/page.tsx [Client 
Component SSR]
    ./src/app/(workspace)/pay-register/page.tsx [Server 
Component]


    at <unknown> 
(./src/app/(workspace)/pay-register/page.tsx:1040:9)
    at <unknown> 
(./src/app/(workspace)/pay-register/page.tsx:968:9)
