[dotenv@17.2.3] injecting env (32) from backend\.env -- tip: ≡ƒöÉ prevent building .env in docker: https://dotenvx.com/prebuild
[dotenv@17.2.3] injecting env (0) from .env -- tip: ≡ƒöÉ encrypt with Dotenvx: https://dotenvx.com
Connecting to MongoDB...
Connected.

1. Setting up Test Employee...
[EmployeeModel] Password not modified or missing for TEST_SMART_01, skipping hash.
   Γ£ô Employee: TEST_SMART_01, Balances: CL:12, CCL:2, EL:10

2. Configuring Leave Settings (Hiding CCL/EL)...
   Γ£ô CCL and EL are now hidden from selectable types.

3. Configuring Leave Policy (1-day CL cap, Substitution ON)...
   Γ£ô Policy: 1-day CL cap, CCL/EL included in total limit.

4. Testing 3-day CL Application...
[Apply Leave] User 69c0dc21962ac3cbb5b1a7e9 (super_admin) applying for employee TEST_SMART_01
[Apply Leave] Has role permission: true 
[Apply Leave] User has no active workspace
[Apply Leave] Has workspace permission: false 
[Apply Leave] Γ£à Authorization granted
node : Error applying leave: 
MissingSchemaError: Schema hasn't been 
registered for model "Division".
At line:1 char:1
+ node d:\li-hrms\backend\scripts\test_smart
_deduction.js > d:\li-hrms\ ...
+ ~~~~~~~~~~~~~~~~~~~~~~~~~~~~~~~~~~~~~~~~~~
~~~~~~~~~~~~~~~~~~~~~~~~~~~
    + CategoryInfo          : NotSpecified: 
    (Error applying ...del "Division".:Str  
  ing) [], RemoteException
    + FullyQualifiedErrorId : NativeCommand 
   Error
 
Use mongoose.model(name, schema)
    at NativeConnection.model (d:\li-hrms\ba
ckend\node_modules\mongoose\lib\connection.j
s:1503:13)
    at _getModelFromConn (d:\li-hrms\backend
\node_modules\mongoose\lib\helpers\populate\
getModelsMapForPopulate.js:590:15)
    at addModelNamesToMap (d:\li-hrms\backen
d\node_modules\mongoose\lib\helpers\populate
\getModelsMapForPopulate.js:518:17)
    at getModelsMapForPopulate (d:\li-hrms\b
ackend\node_modules\mongoose\lib\helpers\pop
ulate\getModelsMapForPopulate.js:211:7)
    at _populatePath (d:\li-hrms\backend\nod
e_modules\mongoose\lib\model.js:4308:21)
    at Function.populate (d:\li-hrms\backend
\node_modules\mongoose\lib\model.js:4275:21)
    at model.populate (d:\li-hrms\backend\no
de_modules\mongoose\lib\document.js:4665:24)
    at exports.applyLeave (d:\li-hrms\backen
d\leaves\controllers\leaveController.js:495:
24)
    at process.processTicksAndRejections 
(node:internal/process/task_queues:105:5)
    at async runTest (d:\li-hrms\backend\scr
ipts\test_smart_deduction.js:95:24)
Test Error: TypeError: Cannot read 
properties of undefined (reading 'code')
    at runTest (d:\li-hrms\backend\scripts\t
est_smart_deduction.js:96:20)
    at process.processTicksAndRejections 
(node:internal/process/task_queues:105:5)
